\BOOKMARK [1][-]{section.1}{\376\377\000I\000n\000t\000r\000o\000d\000u\000c\000c\000i\000\363\000n}{}% 1
\BOOKMARK [1][-]{section.2}{\376\377\000M\000e\000t\000o\000d\000o\000l\000o\000g\000\355\000a}{}% 2
\BOOKMARK [2][-]{subsection.2.1}{\376\377\000A\000n\000\341\000l\000i\000s\000i\000s\000\040\000d\000e\000l\000\040\000d\000i\000a\000g\000n\000\363\000s\000t\000i\000c\000o\000\040\000p\000r\000e\000v\000i\000o}{section.2}% 3
\BOOKMARK [2][-]{subsection.2.2}{\376\377\000D\000e\000f\000i\000n\000i\000c\000i\000\363\000n\000\040\000d\000e\000\040\000v\000o\000z\000\040\000y\000\040\000t\000o\000n\000o}{section.2}% 4
\BOOKMARK [2][-]{subsection.2.3}{\376\377\000C\000o\000n\000s\000t\000r\000u\000c\000c\000i\000\363\000n\000\040\000d\000e\000\040\000l\000a\000\040\000p\000e\000r\000s\000o\000n\000a\000\040\000y\000\040\000e\000l\000\040\000a\000r\000c\000o\000\040\000n\000a\000r\000r\000a\000t\000i\000v\000o}{section.2}% 5
\BOOKMARK [2][-]{subsection.2.4}{\376\377\000R\000e\000d\000i\000s\000e\000\361\000o\000\040\000d\000e\000l\000\040\000m\000i\000c\000r\000o\000c\000o\000p\000y}{section.2}% 6
\BOOKMARK [2][-]{subsection.2.5}{\376\377\000I\000m\000p\000l\000e\000m\000e\000n\000t\000a\000c\000i\000\363\000n\000\040\000t\000\351\000c\000n\000i\000c\000a}{section.2}% 7
\BOOKMARK [1][-]{section.3}{\376\377\000A\000n\000\341\000l\000i\000s\000i\000s\000\040\000d\000e\000\040\000R\000e\000s\000u\000l\000t\000a\000d\000o\000s\000\040\040\024\000\040\000E\000n\000t\000r\000e\000g\000a\000b\000l\000e\000\040\0002}{}% 8
\BOOKMARK [2][-]{subsection.3.1}{\376\377\000D\000e\000f\000i\000n\000i\000c\000i\000\363\000n\000\040\000d\000e\000\040\000v\000o\000z\000\040\000y\000\040\000t\000o\000n\000o}{section.3}% 9
\BOOKMARK [3][-]{subsubsection.3.1.1}{\376\377\000V\000o\000z\000:\000\040\000p\000e\000r\000s\000o\000n\000a\000l\000i\000d\000a\000d\000\040\000c\000o\000n\000s\000t\000a\000n\000t\000e\000\040\000d\000e\000\040\000l\000a\000\040\000m\000a\000r\000c\000a}{subsection.3.1}% 10
\BOOKMARK [3][-]{subsubsection.3.1.2}{\376\377\000T\000o\000n\000o\000:\000\040\000a\000d\000a\000p\000t\000a\000c\000i\000\363\000n\000\040\000c\000o\000n\000t\000e\000x\000t\000u\000a\000l}{subsection.3.1}% 11
\BOOKMARK [2][-]{subsection.3.2}{\376\377\000S\000t\000o\000r\000y\000t\000e\000l\000l\000i\000n\000g\000:\000\040\000a\000r\000c\000o\000\040\000n\000a\000r\000r\000a\000t\000i\000v\000o\000\040\000d\000e\000l\000\040\000u\000s\000u\000a\000r\000i\000o}{section.3}% 12
\BOOKMARK [3][-]{subsubsection.3.2.1}{\376\377\000F\000u\000n\000d\000a\000m\000e\000n\000t\000a\000c\000i\000\363\000n\000\040\000d\000e\000l\000\040\000s\000t\000o\000r\000y\000t\000e\000l\000l\000i\000n\000g\000\040\000e\000n\000\040\000U\000X}{subsection.3.2}% 13
\BOOKMARK [3][-]{subsubsection.3.2.2}{\376\377\000P\000e\000r\000s\000o\000n\000a\000\040\000p\000r\000i\000n\000c\000i\000p\000a\000l}{subsection.3.2}% 14
\BOOKMARK [3][-]{subsubsection.3.2.3}{\376\377\000A\000r\000c\000o\000\040\000n\000a\000r\000r\000a\000t\000i\000v\000o\000\040\000d\000e\000\040\000t\000r\000e\000s\000\040\000a\000c\000t\000o\000s}{subsection.3.2}% 15
\BOOKMARK [3][-]{subsubsection.3.2.4}{\376\377\000S\000t\000o\000r\000y\000b\000o\000a\000r\000d\000\040\000d\000e\000l\000\040\000v\000i\000a\000j\000e\000\040\000d\000e\000l\000\040\000u\000s\000u\000a\000r\000i\000o}{subsection.3.2}% 16
\BOOKMARK [2][-]{subsection.3.3}{\376\377\000M\000i\000c\000r\000o\000c\000o\000p\000y\000\040\000r\000e\000d\000i\000s\000e\000\361\000a\000d\000o\000\040\000p\000a\000r\000a\000\040\000f\000l\000u\000j\000o\000s\000\040\000c\000r\000\355\000t\000i\000c\000o\000s}{section.3}% 17
\BOOKMARK [3][-]{subsubsection.3.3.1}{\376\377\000M\000a\000r\000c\000o\000\040\000g\000e\000n\000e\000r\000a\000l\000\040\000d\000e\000l\000\040\000r\000e\000d\000i\000s\000e\000\361\000o}{subsection.3.3}% 18
\BOOKMARK [3][-]{table.caption.11}{\376\377\000F\000l\000u\000j\000o\000\040\000d\000e\000\040\000c\000o\000m\000p\000r\000a\000\040\040\024\000\040\000S\000e\000l\000e\000c\000c\000i\000\363\000n\000\040\000d\000e\000\040\000p\000r\000o\000d\000u\000c\000t\000o}{subsection.3.3}% 19
\BOOKMARK [3][-]{subsubsection.3.3.3}{\376\377\000F\000l\000u\000j\000o\000\040\000d\000e\000\040\000c\000o\000m\000p\000r\000a\000\040\040\024\000\040\000F\000o\000r\000m\000u\000l\000a\000r\000i\000o\000\040\000d\000e\000\040\000d\000a\000t\000o\000s}{subsection.3.3}% 20
\BOOKMARK [3][-]{table.caption.13}{\376\377\000F\000l\000u\000j\000o\000\040\000d\000e\000\040\000c\000o\000m\000p\000r\000a\000\040\040\024\000\040\000P\000r\000o\000c\000e\000s\000o\000\040\000d\000e\000\040\000p\000a\000g\000o}{subsection.3.3}% 21
\BOOKMARK [3][-]{table.caption.14}{\376\377\000F\000l\000u\000j\000o\000\040\000d\000e\000\040\000b\000\372\000s\000q\000u\000e\000d\000a\000\040\000y\000\040\000n\000a\000v\000e\000g\000a\000c\000i\000\363\000n}{subsection.3.3}% 22
\BOOKMARK [3][-]{table.caption.15}{\376\377\000F\000l\000u\000j\000o\000\040\000d\000e\000\040\000i\000n\000s\000c\000r\000i\000p\000c\000i\000\363\000n\000\040\000a\000\040\000e\000v\000e\000n\000t\000o\000s}{subsection.3.3}% 23
\BOOKMARK [3][-]{table.caption.16}{\376\377\000M\000e\000n\000s\000a\000j\000e\000s\000\040\000d\000e\000\040\000e\000r\000r\000o\000r\000\040\000g\000e\000n\000e\000r\000a\000l\000e\000s}{subsection.3.3}% 24
\BOOKMARK [1][-]{section.4}{\376\377\000I\000m\000p\000l\000e\000m\000e\000n\000t\000a\000c\000i\000\363\000n\000\040\000T\000\351\000c\000n\000i\000c\000a\000\040\040\024\000\040\000E\000n\000t\000r\000e\000g\000a\000b\000l\000e\000\040\0003}{}% 25
\BOOKMARK [2][-]{subsection.4.1}{\376\377\000A\000r\000q\000u\000i\000t\000e\000c\000t\000u\000r\000a\000\040\000y\000\040\000p\000i\000l\000a\000\040\000t\000e\000c\000n\000o\000l\000\363\000g\000i\000c\000a}{section.4}% 26
\BOOKMARK [2][-]{subsection.4.2}{\376\377\000S\000i\000s\000t\000e\000m\000a\000\040\000d\000e\000\040\000d\000i\000s\000e\000\361\000o\000\040\000y\000\040\000t\000e\000m\000a\000\040\000d\000e\000\040\000a\000c\000c\000e\000s\000i\000b\000i\000l\000i\000d\000a\000d}{section.4}% 27
\BOOKMARK [2][-]{subsection.4.3}{\376\377\000C\000r\000i\000t\000e\000r\000i\000o\000s\000\040\000W\000C\000A\000G\000\040\0002\000.\0001\000\040\000i\000m\000p\000l\000e\000m\000e\000n\000t\000a\000d\000o\000s}{section.4}% 28
\BOOKMARK [2][-]{subsection.4.4}{\376\377\000C\000o\000m\000p\000o\000n\000e\000n\000t\000e\000s\000\040\000d\000e\000\040\000n\000a\000v\000e\000g\000a\000c\000i\000\363\000n\000\040\000a\000c\000c\000e\000s\000i\000b\000l\000e}{section.4}% 29
\BOOKMARK [3][-]{subsubsection.4.4.1}{\376\377\000E\000n\000l\000a\000c\000e\000\040\000d\000e\000\040\000s\000a\000l\000t\000o\000\040\000d\000e\000\040\000n\000a\000v\000e\000g\000a\000c\000i\000\363\000n}{subsection.4.4}% 30
\BOOKMARK [3][-]{subsubsection.4.4.2}{\376\377\000B\000r\000e\000a\000d\000c\000r\000u\000m\000b\000s\000\040\000s\000e\000m\000\341\000n\000t\000i\000c\000o\000s}{subsection.4.4}% 31
\BOOKMARK [2][-]{subsection.4.5}{\376\377\000C\000a\000t\000\341\000l\000o\000g\000o\000\040\000d\000e\000\040\000p\000r\000o\000d\000u\000c\000t\000o\000s\000\040\000y\000\040\000a\000r\000q\000u\000i\000t\000e\000c\000t\000u\000r\000a\000\040\000d\000e\000\040\000c\000o\000n\000t\000e\000n\000i\000d\000o}{section.4}% 32
\BOOKMARK [2][-]{subsection.4.6}{\376\377\000C\000o\000n\000t\000e\000n\000i\000d\000o\000\040\000e\000d\000i\000t\000o\000r\000i\000a\000l\000:\000\040\000b\000l\000o\000g\000\040\000m\000\351\000d\000i\000c\000o}{section.4}% 33
\BOOKMARK [2][-]{subsection.4.7}{\376\377\000P\000\341\000g\000i\000n\000a\000s\000\040\000d\000e\000\040\000s\000o\000p\000o\000r\000t\000e\000\040\000i\000n\000f\000o\000r\000m\000a\000t\000i\000v\000o}{section.4}% 34
\BOOKMARK [2][-]{subsection.4.8}{\376\377\000C\000o\000m\000p\000a\000r\000a\000c\000i\000\363\000n\000\040\000v\000i\000s\000u\000a\000l\000\040\000a\000n\000t\000e\000s\000/\000d\000e\000s\000p\000u\000\351\000s}{section.4}% 35
\BOOKMARK [1][-]{section.5}{\376\377\000C\000o\000n\000c\000l\000u\000s\000i\000\363\000n}{}% 36
\BOOKMARK [1][-]{section*.26}{\376\377\000R\000e\000f\000e\000r\000e\000n\000c\000i\000a\000s}{}% 37
